// Jest Snapshot v1, https://goo.gl/fbAQLP

exports[`render correctly 1`] = `
<View
  style={
    Object {
      "alignItems": "center",
      "flex": 1,
      "justifyContent": "center",
    }
  }
>
  <Text
    style={
      Object {
        "color": "#000",
        "fontSize": 27,
        "lineHeight": 32,
      }
    }
  >
    No related items
  </Text>
  <Text>
    App version: 
  </Text>
</View>
`;
